<?xml version="1.0" encoding="UTF-8"?>
<testsuites name="jest tests" tests="2" failures="0" time="4.982">
  <testsuite name="undefined" errors="0" failures="0" skipped="0" timestamp="2019-09-24T10:02:22" time="4.04" tests="2">
    <testcase classname=" displays the title &quot;React App&quot;" name=" displays the title &quot;React App&quot;" time="0.005">
    </testcase>
    <testcase classname=" displays the header welcome message" name=" displays the header welcome message" time="0.005">
    </testcase>
  </testsuite>
</testsuites>